Component: ARM Compiler 5.05 update 1 (build 106) Tool: armlink [4d0efa]

==============================================================================

Section Cross References

    startup_stm32f030.o(RESET) refers to startup_stm32f030.o(STACK) for __initial_sp
    startup_stm32f030.o(RESET) refers to startup_stm32f030.o(.text) for Reset_Handler
    startup_stm32f030.o(RESET) refers to stm32f0xx_it.o(i.NMI_Handler) for NMI_Handler
    startup_stm32f030.o(RESET) refers to stm32f0xx_it.o(i.HardFault_Handler) for HardFault_Handler
    startup_stm32f030.o(RESET) refers to stm32f0xx_it.o(i.SVC_Handler) for SVC_Handler
    startup_stm32f030.o(RESET) refers to stm32f0xx_it.o(i.PendSV_Handler) for PendSV_Handler
    startup_stm32f030.o(RESET) refers to stm32f0xx_it.o(i.SysTick_Handler) for SysTick_Handler
    startup_stm32f030.o(RESET) refers to stm32f0xx_it.o(i.RCC_IRQHandler) for RCC_IRQHandler
    startup_stm32f030.o(RESET) refers to stm32f0xx_it.o(i.EXTI4_15_IRQHandler) for EXTI4_15_IRQHandler
    startup_stm32f030.o(RESET) refers to stm32f0xx_it.o(i.ADC1_IRQHandler) for ADC1_IRQHandler
    startup_stm32f030.o(RESET) refers to stm32f0xx_it.o(i.TIM3_IRQHandler) for TIM3_IRQHandler
    startup_stm32f030.o(RESET) refers to stm32f0xx_it.o(i.TIM14_IRQHandler) for TIM14_IRQHandler
    startup_stm32f030.o(RESET) refers to stm32f0xx_it.o(i.USART1_IRQHandler) for USART1_IRQHandler
    startup_stm32f030.o(.text) refers to startup_stm32f030.o(STACK) for __initial_sp
    startup_stm32f030.o(.text) refers to system_stm32f0xx.o(i.SystemInit) for SystemInit
    startup_stm32f030.o(.text) refers to entry.o(.ARM.Collect$$$$00000000) for __main
    main.o(i.EXTI_Config) refers to stm32f0xx_rcc.o(i.RCC_APB2PeriphClockCmd) for RCC_APB2PeriphClockCmd
    main.o(i.EXTI_Config) refers to stm32f0xx_syscfg.o(i.SYSCFG_EXTILineConfig) for SYSCFG_EXTILineConfig
    main.o(i.EXTI_Config) refers to stm32f0xx_exti.o(i.EXTI_Init) for EXTI_Init
    main.o(i.InitNVIC) refers to stm32f0xx_misc.o(i.NVIC_Init) for NVIC_Init
    main.o(i.InitNVIC) refers to main.o(i.NVIC_SetPriority) for NVIC_SetPriority
    main.o(i.main) refers to main.o(i.InitRCC) for InitRCC
    main.o(i.main) refers to main.o(i.InitNVIC) for InitNVIC
    main.o(i.main) refers to gpio.o(i.InitGPIOs) for InitGPIOs
    main.o(i.main) refers to main.o(i.EXTI_Config) for EXTI_Config
    main.o(i.main) refers to uart.o(i.InitUart1) for InitUart1
    main.o(i.main) refers to adc.o(i.ADC_Config) for ADC_Config
    main.o(i.main) refers to timer.o(i.InitTIMs) for InitTIMs
    main.o(i.main) refers to uidiv.o(.text) for __aeabi_uidivmod
    main.o(i.main) refers to stm32f0xx_usart.o(i.USART_GetFlagStatus) for USART_GetFlagStatus
    main.o(i.main) refers to stm32f0xx_usart.o(i.USART_SendData) for USART_SendData
    main.o(i.main) refers to idiv.o(.text) for __aeabi_idivmod
    main.o(i.main) refers to stm32f0xx_it.o(.data) for flag
    main.o(i.main) refers to main.o(.data) for results
    main.o(i.main) refers to stm32f0xx_it.o(.bss) for result
    stm32f0xx_it.o(i.ADC1_IRQHandler) refers to stm32f0xx_adc.o(i.ADC_StopOfConversion) for ADC_StopOfConversion
    stm32f0xx_it.o(i.ADC1_IRQHandler) refers to stm32f0xx_it.o(.data) for indexADC
    stm32f0xx_it.o(i.ADC1_IRQHandler) refers to stm32f0xx_it.o(.bss) for result
    stm32f0xx_it.o(i.EXTI4_15_IRQHandler) refers to stm32f0xx_exti.o(i.EXTI_GetITStatus) for EXTI_GetITStatus
    stm32f0xx_it.o(i.EXTI4_15_IRQHandler) refers to stm32f0xx_it.o(i.delay_5ms) for delay_5ms
    stm32f0xx_it.o(i.EXTI4_15_IRQHandler) refers to stm32f0xx_gpio.o(i.GPIO_ReadInputDataBit) for GPIO_ReadInputDataBit
    stm32f0xx_it.o(i.EXTI4_15_IRQHandler) refers to stm32f0xx_gpio.o(i.GPIO_WriteBit) for GPIO_WriteBit
    stm32f0xx_it.o(i.EXTI4_15_IRQHandler) refers to stm32f0xx_exti.o(i.EXTI_ClearITPendingBit) for EXTI_ClearITPendingBit
    stm32f0xx_it.o(i.TIM14_IRQHandler) refers to stm32f0xx_tim.o(i.TIM_ClearITPendingBit) for TIM_ClearITPendingBit
    stm32f0xx_it.o(i.TIM14_IRQHandler) refers to stm32f0xx_gpio.o(i.GPIO_WriteBit) for GPIO_WriteBit
    stm32f0xx_it.o(i.TIM14_IRQHandler) refers to stm32f0xx_tim.o(i.TIM_Cmd) for TIM_Cmd
    stm32f0xx_it.o(i.TIM14_IRQHandler) refers to stm32f0xx_adc.o(i.ADC_StartOfConversion) for ADC_StartOfConversion
    stm32f0xx_it.o(i.TIM14_IRQHandler) refers to stm32f0xx_it.o(.data) for i
    stm32f0xx_it.o(i.USART1_IRQHandler) refers to stm32f0xx_usart.o(i.USART_GetITStatus) for USART_GetITStatus
    stm32f0xx_it.o(i.USART1_IRQHandler) refers to stm32f0xx_usart.o(i.USART_ClearITPendingBit) for USART_ClearITPendingBit
    stm32f0xx_it.o(i.USART1_IRQHandler) refers to stm32f0xx_usart.o(i.USART_GetFlagStatus) for USART_GetFlagStatus
    stm32f0xx_it.o(i.USART1_IRQHandler) refers to stm32f0xx_usart.o(i.USART_ReceiveData) for USART_ReceiveData
    stm32f0xx_it.o(i.USART1_IRQHandler) refers to stm32f0xx_usart.o(i.USART_SendData) for USART_SendData
    gpio.o(i.InitGPIOA2) refers to stm32f0xx_rcc.o(i.RCC_AHBPeriphClockCmd) for RCC_AHBPeriphClockCmd
    gpio.o(i.InitGPIOA2) refers to stm32f0xx_gpio.o(i.GPIO_Init) for GPIO_Init
    gpio.o(i.InitGPIOA2) refers to stm32f0xx_gpio.o(i.GPIO_SetBits) for GPIO_SetBits
    gpio.o(i.InitGPIOA6) refers to stm32f0xx_rcc.o(i.RCC_AHBPeriphClockCmd) for RCC_AHBPeriphClockCmd
    gpio.o(i.InitGPIOA6) refers to stm32f0xx_gpio.o(i.GPIO_Init) for GPIO_Init
    gpio.o(i.InitGPIOA6) refers to stm32f0xx_gpio.o(i.GPIO_PinAFConfig) for GPIO_PinAFConfig
    gpio.o(i.InitGPIOB0) refers to stm32f0xx_rcc.o(i.RCC_AHBPeriphClockCmd) for RCC_AHBPeriphClockCmd
    gpio.o(i.InitGPIOB0) refers to stm32f0xx_gpio.o(i.GPIO_Init) for GPIO_Init
    gpio.o(i.InitGPIOB4) refers to stm32f0xx_rcc.o(i.RCC_AHBPeriphClockCmd) for RCC_AHBPeriphClockCmd
    gpio.o(i.InitGPIOB4) refers to stm32f0xx_gpio.o(i.GPIO_Init) for GPIO_Init
    gpio.o(i.InitGPIOB4) refers to stm32f0xx_gpio.o(i.GPIO_ResetBits) for GPIO_ResetBits
    gpio.o(i.InitGPIOB5) refers to stm32f0xx_rcc.o(i.RCC_AHBPeriphClockCmd) for RCC_AHBPeriphClockCmd
    gpio.o(i.InitGPIOB5) refers to stm32f0xx_gpio.o(i.GPIO_Init) for GPIO_Init
    gpio.o(i.InitGPIOB7) refers to stm32f0xx_rcc.o(i.RCC_AHBPeriphClockCmd) for RCC_AHBPeriphClockCmd
    gpio.o(i.InitGPIOB7) refers to stm32f0xx_gpio.o(i.GPIO_Init) for GPIO_Init
    gpio.o(i.InitGPIOB7) refers to stm32f0xx_gpio.o(i.GPIO_SetBits) for GPIO_SetBits
    gpio.o(i.InitGPIO_Uart) refers to stm32f0xx_gpio.o(i.GPIO_PinAFConfig) for GPIO_PinAFConfig
    gpio.o(i.InitGPIO_Uart) refers to stm32f0xx_gpio.o(i.GPIO_Init) for GPIO_Init
    gpio.o(i.InitGPIOs) refers to gpio.o(i.InitGPIOA6) for InitGPIOA6
    gpio.o(i.InitGPIOs) refers to gpio.o(i.InitGPIOB0) for InitGPIOB0
    gpio.o(i.InitGPIOs) refers to gpio.o(i.InitGPIOA2) for InitGPIOA2
    gpio.o(i.InitGPIOs) refers to gpio.o(i.InitGPIOB4) for InitGPIOB4
    gpio.o(i.InitGPIOs) refers to gpio.o(i.InitGPIOB5) for InitGPIOB5
    gpio.o(i.InitGPIOs) refers to gpio.o(i.InitGPIOB7) for InitGPIOB7
    gpio.o(i.InitGPIOs) refers to gpio.o(i.InitGPIO_Uart) for InitGPIO_Uart
    timer.o(i.InitTIM14) refers to stm32f0xx_rcc.o(i.RCC_APB1PeriphClockCmd) for RCC_APB1PeriphClockCmd
    timer.o(i.InitTIM14) refers to stm32f0xx_misc.o(i.NVIC_Init) for NVIC_Init
    timer.o(i.InitTIM14) refers to stm32f0xx_tim.o(i.TIM_TimeBaseInit) for TIM_TimeBaseInit
    timer.o(i.InitTIM14) refers to stm32f0xx_tim.o(i.TIM_ITConfig) for TIM_ITConfig
    timer.o(i.InitTIM3) refers to stm32f0xx_rcc.o(i.RCC_APB1PeriphClockCmd) for RCC_APB1PeriphClockCmd
    timer.o(i.InitTIM3) refers to uidiv.o(.text) for __aeabi_uidivmod
    timer.o(i.InitTIM3) refers to stm32f0xx_tim.o(i.TIM_TimeBaseInit) for TIM_TimeBaseInit
    timer.o(i.InitTIM3) refers to stm32f0xx_tim.o(i.TIM_OC1Init) for TIM_OC1Init
    timer.o(i.InitTIM3) refers to stm32f0xx_tim.o(i.TIM_OC1PreloadConfig) for TIM_OC1PreloadConfig
    timer.o(i.InitTIM3) refers to stm32f0xx_tim.o(i.TIM_CtrlPWMOutputs) for TIM_CtrlPWMOutputs
    timer.o(i.InitTIM3) refers to system_stm32f0xx.o(.data) for SystemCoreClock
    timer.o(i.InitTIMs) refers to timer.o(i.InitTIM3) for InitTIM3
    timer.o(i.InitTIMs) refers to timer.o(i.InitTIM14) for InitTIM14
    timer.o(i.InitTIMs) refers to stm32f0xx_tim.o(i.TIM_Cmd) for TIM_Cmd
    uart.o(i.InitUart1) refers to stm32f0xx_rcc.o(i.RCC_APB2PeriphClockCmd) for RCC_APB2PeriphClockCmd
    uart.o(i.InitUart1) refers to stm32f0xx_usart.o(i.USART_Init) for USART_Init
    uart.o(i.InitUart1) refers to stm32f0xx_usart.o(i.USART_ITConfig) for USART_ITConfig
    uart.o(i.InitUart1) refers to stm32f0xx_usart.o(i.USART_Cmd) for USART_Cmd
    uart.o(i.InitUart1) refers to stm32f0xx_usart.o(i.USART_ClearFlag) for USART_ClearFlag
    adc.o(i.ADC_Config) refers to stm32f0xx_rcc.o(i.RCC_AHBPeriphClockCmd) for RCC_AHBPeriphClockCmd
    adc.o(i.ADC_Config) refers to stm32f0xx_rcc.o(i.RCC_APB2PeriphClockCmd) for RCC_APB2PeriphClockCmd
    adc.o(i.ADC_Config) refers to stm32f0xx_rcc.o(i.RCC_ADCCLKConfig) for RCC_ADCCLKConfig
    adc.o(i.ADC_Config) refers to stm32f0xx_gpio.o(i.GPIO_Init) for GPIO_Init
    adc.o(i.ADC_Config) refers to stm32f0xx_adc.o(i.ADC_DeInit) for ADC_DeInit
    adc.o(i.ADC_Config) refers to stm32f0xx_adc.o(i.ADC_StructInit) for ADC_StructInit
    adc.o(i.ADC_Config) refers to stm32f0xx_adc.o(i.ADC_Init) for ADC_Init
    adc.o(i.ADC_Config) refers to stm32f0xx_adc.o(i.ADC_ChannelConfig) for ADC_ChannelConfig
    adc.o(i.ADC_Config) refers to stm32f0xx_adc.o(i.ADC_GetCalibrationFactor) for ADC_GetCalibrationFactor
    adc.o(i.ADC_Config) refers to stm32f0xx_adc.o(i.ADC_ITConfig) for ADC_ITConfig
    adc.o(i.ADC_Config) refers to stm32f0xx_adc.o(i.ADC_Cmd) for ADC_Cmd
    adc.o(i.ADC_Config) refers to stm32f0xx_adc.o(i.ADC_GetFlagStatus) for ADC_GetFlagStatus
    system_stm32f0xx.o(i.SystemCoreClockUpdate) refers to uidiv.o(.text) for __aeabi_uidivmod
    system_stm32f0xx.o(i.SystemCoreClockUpdate) refers to system_stm32f0xx.o(.data) for SystemCoreClock
    system_stm32f0xx.o(i.SystemInit) refers to system_stm32f0xx.o(i.SetSysClock) for SetSysClock
    stm32f0xx_gpio.o(i.GPIO_DeInit) refers to stm32f0xx_rcc.o(i.RCC_AHBPeriphResetCmd) for RCC_AHBPeriphResetCmd
    stm32f0xx_rcc.o(i.RCC_GetClocksFreq) refers to uidiv.o(.text) for __aeabi_uidivmod
    stm32f0xx_rcc.o(i.RCC_GetClocksFreq) refers to stm32f0xx_rcc.o(.data) for APBAHBPrescTable
    stm32f0xx_rcc.o(i.RCC_WaitForHSEStartUp) refers to stm32f0xx_rcc.o(i.RCC_GetFlagStatus) for RCC_GetFlagStatus
    stm32f0xx_tim.o(i.TIM_DeInit) refers to stm32f0xx_rcc.o(i.RCC_APB2PeriphResetCmd) for RCC_APB2PeriphResetCmd
    stm32f0xx_tim.o(i.TIM_DeInit) refers to stm32f0xx_rcc.o(i.RCC_APB1PeriphResetCmd) for RCC_APB1PeriphResetCmd
    stm32f0xx_tim.o(i.TIM_ETRClockMode1Config) refers to stm32f0xx_tim.o(i.TIM_ETRConfig) for TIM_ETRConfig
    stm32f0xx_tim.o(i.TIM_ETRClockMode2Config) refers to stm32f0xx_tim.o(i.TIM_ETRConfig) for TIM_ETRConfig
    stm32f0xx_tim.o(i.TIM_ICInit) refers to stm32f0xx_tim.o(i.TI1_Config) for TI1_Config
    stm32f0xx_tim.o(i.TIM_ICInit) refers to stm32f0xx_tim.o(i.TIM_SetIC1Prescaler) for TIM_SetIC1Prescaler
    stm32f0xx_tim.o(i.TIM_ICInit) refers to stm32f0xx_tim.o(i.TI2_Config) for TI2_Config
    stm32f0xx_tim.o(i.TIM_ICInit) refers to stm32f0xx_tim.o(i.TIM_SetIC2Prescaler) for TIM_SetIC2Prescaler
    stm32f0xx_tim.o(i.TIM_ICInit) refers to stm32f0xx_tim.o(i.TI3_Config) for TI3_Config
    stm32f0xx_tim.o(i.TIM_ICInit) refers to stm32f0xx_tim.o(i.TIM_SetIC3Prescaler) for TIM_SetIC3Prescaler
    stm32f0xx_tim.o(i.TIM_ICInit) refers to stm32f0xx_tim.o(i.TI4_Config) for TI4_Config
    stm32f0xx_tim.o(i.TIM_ICInit) refers to stm32f0xx_tim.o(i.TIM_SetIC4Prescaler) for TIM_SetIC4Prescaler
    stm32f0xx_tim.o(i.TIM_ITRxExternalClockConfig) refers to stm32f0xx_tim.o(i.TIM_SelectInputTrigger) for TIM_SelectInputTrigger
    stm32f0xx_tim.o(i.TIM_PWMIConfig) refers to stm32f0xx_tim.o(i.TI1_Config) for TI1_Config
    stm32f0xx_tim.o(i.TIM_PWMIConfig) refers to stm32f0xx_tim.o(i.TIM_SetIC1Prescaler) for TIM_SetIC1Prescaler
    stm32f0xx_tim.o(i.TIM_PWMIConfig) refers to stm32f0xx_tim.o(i.TI2_Config) for TI2_Config
    stm32f0xx_tim.o(i.TIM_PWMIConfig) refers to stm32f0xx_tim.o(i.TIM_SetIC2Prescaler) for TIM_SetIC2Prescaler
    stm32f0xx_tim.o(i.TIM_TIxExternalClockConfig) refers to stm32f0xx_tim.o(i.TI2_Config) for TI2_Config
    stm32f0xx_tim.o(i.TIM_TIxExternalClockConfig) refers to stm32f0xx_tim.o(i.TI1_Config) for TI1_Config
    stm32f0xx_tim.o(i.TIM_TIxExternalClockConfig) refers to stm32f0xx_tim.o(i.TIM_SelectInputTrigger) for TIM_SelectInputTrigger
    stm32f0xx_usart.o(i.USART_DeInit) refers to stm32f0xx_rcc.o(i.RCC_APB2PeriphResetCmd) for RCC_APB2PeriphResetCmd
    stm32f0xx_usart.o(i.USART_DeInit) refers to stm32f0xx_rcc.o(i.RCC_APB1PeriphResetCmd) for RCC_APB1PeriphResetCmd
    stm32f0xx_usart.o(i.USART_Init) refers to stm32f0xx_rcc.o(i.RCC_GetClocksFreq) for RCC_GetClocksFreq
    stm32f0xx_usart.o(i.USART_Init) refers to uidiv.o(.text) for __aeabi_uidivmod
    stm32f0xx_adc.o(i.ADC_DeInit) refers to stm32f0xx_rcc.o(i.RCC_APB2PeriphResetCmd) for RCC_APB2PeriphResetCmd
    entry.o(.ARM.Collect$$$$00000000) refers (Special) to entry10a.o(.ARM.Collect$$$$0000000D) for __rt_final_cpp
    entry.o(.ARM.Collect$$$$00000000) refers (Special) to entry11a.o(.ARM.Collect$$$$0000000F) for __rt_final_exit
    entry.o(.ARM.Collect$$$$00000000) refers (Special) to entry7b.o(.ARM.Collect$$$$00000008) for _main_clock
    entry.o(.ARM.Collect$$$$00000000) refers (Special) to entry8b.o(.ARM.Collect$$$$0000000A) for _main_cpp_init
    entry.o(.ARM.Collect$$$$00000000) refers (Special) to entry9a.o(.ARM.Collect$$$$0000000B) for _main_init
    entry.o(.ARM.Collect$$$$00000000) refers (Special) to entry5.o(.ARM.Collect$$$$00000004) for _main_scatterload
    entry.o(.ARM.Collect$$$$00000000) refers (Special) to entry2.o(.ARM.Collect$$$$00000001) for _main_stk
    idiv.o(.text) refers to uidiv.o(.text) for __aeabi_uidivmod
    entry2.o(.ARM.Collect$$$$00000001) refers to entry2.o(.ARM.Collect$$$$00002712) for __lit__00000000
    entry2.o(.ARM.Collect$$$$00002712) refers to startup_stm32f030.o(STACK) for __initial_sp
    entry2.o(__vectab_stack_and_reset_area) refers to startup_stm32f030.o(STACK) for __initial_sp
    entry2.o(__vectab_stack_and_reset_area) refers to entry.o(.ARM.Collect$$$$00000000) for __main
    entry5.o(.ARM.Collect$$$$00000004) refers to init.o(.text) for __scatterload
    entry9a.o(.ARM.Collect$$$$0000000B) refers to main.o(i.main) for main
    entry9b.o(.ARM.Collect$$$$0000000C) refers to main.o(i.main) for main
    init.o(.text) refers to entry5.o(.ARM.Collect$$$$00000004) for __main_after_scatterload


==============================================================================

Removing Unused input sections from the image.

    Removing startup_stm32f030.o(HEAP), (512 bytes).
    Removing main.o(.rev16_text), (4 bytes).
    Removing main.o(.revsh_text), (4 bytes).
    Removing main.o(i.delay_ms), (38 bytes).
    Removing stm32f0xx_it.o(.rev16_text), (4 bytes).
    Removing stm32f0xx_it.o(.revsh_text), (4 bytes).
    Removing stm32f0xx_it.o(i.BusFault_Handler), (4 bytes).
    Removing stm32f0xx_it.o(i.CEC_IRQHandler), (2 bytes).
    Removing stm32f0xx_it.o(i.DebugMon_Handler), (2 bytes).
    Removing stm32f0xx_it.o(i.EXTI0_IRQHandler), (2 bytes).
    Removing stm32f0xx_it.o(i.MemManage_Handler), (4 bytes).
    Removing stm32f0xx_it.o(i.UsageFault_Handler), (2 bytes).
    Removing gpio.o(.rev16_text), (4 bytes).
    Removing gpio.o(.revsh_text), (4 bytes).
    Removing timer.o(.rev16_text), (4 bytes).
    Removing timer.o(.revsh_text), (4 bytes).
    Removing uart.o(.rev16_text), (4 bytes).
    Removing uart.o(.revsh_text), (4 bytes).
    Removing uart.o(i.UART_Recive), (28 bytes).
    Removing uart.o(i.UART_Send), (40 bytes).
    Removing uart.o(i.UART_send_byte), (28 bytes).
    Removing adc.o(.rev16_text), (4 bytes).
    Removing adc.o(.revsh_text), (4 bytes).
    Removing system_stm32f0xx.o(.rev16_text), (4 bytes).
    Removing system_stm32f0xx.o(.revsh_text), (4 bytes).
    Removing system_stm32f0xx.o(i.SystemCoreClockUpdate), (176 bytes).
    Removing stm32f0xx_gpio.o(.rev16_text), (4 bytes).
    Removing stm32f0xx_gpio.o(.revsh_text), (4 bytes).
    Removing stm32f0xx_gpio.o(i.GPIO_DeInit), (176 bytes).
    Removing stm32f0xx_gpio.o(i.GPIO_PinLockConfig), (34 bytes).
    Removing stm32f0xx_gpio.o(i.GPIO_ReadInputData), (6 bytes).
    Removing stm32f0xx_gpio.o(i.GPIO_ReadOutputData), (6 bytes).
    Removing stm32f0xx_gpio.o(i.GPIO_ReadOutputDataBit), (20 bytes).
    Removing stm32f0xx_gpio.o(i.GPIO_StructInit), (24 bytes).
    Removing stm32f0xx_gpio.o(i.GPIO_Write), (4 bytes).
    Removing stm32f0xx_rcc.o(.rev16_text), (4 bytes).
    Removing stm32f0xx_rcc.o(.revsh_text), (4 bytes).
    Removing stm32f0xx_rcc.o(i.RCC_AHBPeriphResetCmd), (32 bytes).
    Removing stm32f0xx_rcc.o(i.RCC_APB1PeriphResetCmd), (32 bytes).
    Removing stm32f0xx_rcc.o(i.RCC_AdjustHSI14CalibrationValue), (32 bytes).
    Removing stm32f0xx_rcc.o(i.RCC_AdjustHSICalibrationValue), (32 bytes).
    Removing stm32f0xx_rcc.o(i.RCC_BackupResetCmd), (40 bytes).
    Removing stm32f0xx_rcc.o(i.RCC_CECCLKConfig), (28 bytes).
    Removing stm32f0xx_rcc.o(i.RCC_ClearFlag), (20 bytes).
    Removing stm32f0xx_rcc.o(i.RCC_ClearITPendingBit), (12 bytes).
    Removing stm32f0xx_rcc.o(i.RCC_ClockSecuritySystemCmd), (40 bytes).
    Removing stm32f0xx_rcc.o(i.RCC_DeInit), (120 bytes).
    Removing stm32f0xx_rcc.o(i.RCC_GetFlagStatus), (72 bytes).
    Removing stm32f0xx_rcc.o(i.RCC_GetITStatus), (28 bytes).
    Removing stm32f0xx_rcc.o(i.RCC_GetSYSCLKSource), (16 bytes).
    Removing stm32f0xx_rcc.o(i.RCC_HCLKConfig), (32 bytes).
    Removing stm32f0xx_rcc.o(i.RCC_HSEConfig), (16 bytes).
    Removing stm32f0xx_rcc.o(i.RCC_HSI14ADCRequestCmd), (36 bytes).
    Removing stm32f0xx_rcc.o(i.RCC_HSI14Cmd), (36 bytes).
    Removing stm32f0xx_rcc.o(i.RCC_HSI48Cmd), (40 bytes).
    Removing stm32f0xx_rcc.o(i.RCC_HSICmd), (36 bytes).
    Removing stm32f0xx_rcc.o(i.RCC_I2CCLKConfig), (28 bytes).
    Removing stm32f0xx_rcc.o(i.RCC_ITConfig), (32 bytes).
    Removing stm32f0xx_rcc.o(i.RCC_LSEConfig), (40 bytes).
    Removing stm32f0xx_rcc.o(i.RCC_LSEDriveConfig), (28 bytes).
    Removing stm32f0xx_rcc.o(i.RCC_LSICmd), (36 bytes).
    Removing stm32f0xx_rcc.o(i.RCC_MCOConfig), (28 bytes).
    Removing stm32f0xx_rcc.o(i.RCC_PCLKConfig), (36 bytes).
    Removing stm32f0xx_rcc.o(i.RCC_PLLCmd), (40 bytes).
    Removing stm32f0xx_rcc.o(i.RCC_PLLConfig), (36 bytes).
    Removing stm32f0xx_rcc.o(i.RCC_PREDIV1Config), (28 bytes).
    Removing stm32f0xx_rcc.o(i.RCC_RTCCLKCmd), (40 bytes).
    Removing stm32f0xx_rcc.o(i.RCC_RTCCLKConfig), (16 bytes).
    Removing stm32f0xx_rcc.o(i.RCC_SYSCLKConfig), (28 bytes).
    Removing stm32f0xx_rcc.o(i.RCC_USARTCLKConfig), (72 bytes).
    Removing stm32f0xx_rcc.o(i.RCC_USBCLKConfig), (28 bytes).
    Removing stm32f0xx_rcc.o(i.RCC_WaitForHSEStartUp), (60 bytes).
    Removing stm32f0xx_tim.o(.rev16_text), (4 bytes).
    Removing stm32f0xx_tim.o(.revsh_text), (4 bytes).
    Removing stm32f0xx_tim.o(i.TI1_Config), (56 bytes).
    Removing stm32f0xx_tim.o(i.TI2_Config), (76 bytes).
    Removing stm32f0xx_tim.o(i.TI3_Config), (72 bytes).
    Removing stm32f0xx_tim.o(i.TI4_Config), (80 bytes).
    Removing stm32f0xx_tim.o(i.TIM_ARRPreloadConfig), (28 bytes).
    Removing stm32f0xx_tim.o(i.TIM_BDTRConfig), (32 bytes).
    Removing stm32f0xx_tim.o(i.TIM_BDTRStructInit), (18 bytes).
    Removing stm32f0xx_tim.o(i.TIM_CCPreloadControl), (28 bytes).
    Removing stm32f0xx_tim.o(i.TIM_CCxCmd), (30 bytes).
    Removing stm32f0xx_tim.o(i.TIM_CCxNCmd), (30 bytes).
    Removing stm32f0xx_tim.o(i.TIM_ClearFlag), (6 bytes).
    Removing stm32f0xx_tim.o(i.TIM_ClearOC1Ref), (24 bytes).
    Removing stm32f0xx_tim.o(i.TIM_ClearOC2Ref), (20 bytes).
    Removing stm32f0xx_tim.o(i.TIM_ClearOC3Ref), (24 bytes).
    Removing stm32f0xx_tim.o(i.TIM_ClearOC4Ref), (20 bytes).
    Removing stm32f0xx_tim.o(i.TIM_CounterModeConfig), (24 bytes).
    Removing stm32f0xx_tim.o(i.TIM_DMACmd), (20 bytes).
    Removing stm32f0xx_tim.o(i.TIM_DMAConfig), (12 bytes).
    Removing stm32f0xx_tim.o(i.TIM_DeInit), (260 bytes).
    Removing stm32f0xx_tim.o(i.TIM_ETRClockMode1Config), (52 bytes).
    Removing stm32f0xx_tim.o(i.TIM_ETRClockMode2Config), (34 bytes).
    Removing stm32f0xx_tim.o(i.TIM_ETRConfig), (24 bytes).
    Removing stm32f0xx_tim.o(i.TIM_EncoderInterfaceConfig), (68 bytes).
    Removing stm32f0xx_tim.o(i.TIM_ForcedOC1Config), (24 bytes).
    Removing stm32f0xx_tim.o(i.TIM_ForcedOC2Config), (24 bytes).
    Removing stm32f0xx_tim.o(i.TIM_ForcedOC3Config), (24 bytes).
    Removing stm32f0xx_tim.o(i.TIM_ForcedOC4Config), (24 bytes).
    Removing stm32f0xx_tim.o(i.TIM_GenerateEvent), (4 bytes).
    Removing stm32f0xx_tim.o(i.TIM_GetCapture1), (6 bytes).
    Removing stm32f0xx_tim.o(i.TIM_GetCapture2), (6 bytes).
    Removing stm32f0xx_tim.o(i.TIM_GetCapture3), (6 bytes).
    Removing stm32f0xx_tim.o(i.TIM_GetCapture4), (6 bytes).
    Removing stm32f0xx_tim.o(i.TIM_GetCounter), (6 bytes).
    Removing stm32f0xx_tim.o(i.TIM_GetFlagStatus), (20 bytes).
    Removing stm32f0xx_tim.o(i.TIM_GetITStatus), (38 bytes).
    Removing stm32f0xx_tim.o(i.TIM_GetPrescaler), (6 bytes).
    Removing stm32f0xx_tim.o(i.TIM_ICInit), (112 bytes).
    Removing stm32f0xx_tim.o(i.TIM_ICStructInit), (18 bytes).
    Removing stm32f0xx_tim.o(i.TIM_ITRxExternalClockConfig), (24 bytes).
    Removing stm32f0xx_tim.o(i.TIM_InternalClockConfig), (16 bytes).
    Removing stm32f0xx_tim.o(i.TIM_OC1FastConfig), (24 bytes).
    Removing stm32f0xx_tim.o(i.TIM_OC1NPolarityConfig), (24 bytes).
    Removing stm32f0xx_tim.o(i.TIM_OC1PolarityConfig), (24 bytes).
    Removing stm32f0xx_tim.o(i.TIM_OC2FastConfig), (24 bytes).
    Removing stm32f0xx_tim.o(i.TIM_OC2Init), (172 bytes).
    Removing stm32f0xx_tim.o(i.TIM_OC2NPolarityConfig), (24 bytes).
    Removing stm32f0xx_tim.o(i.TIM_OC2PolarityConfig), (24 bytes).
    Removing stm32f0xx_tim.o(i.TIM_OC2PreloadConfig), (24 bytes).
    Removing stm32f0xx_tim.o(i.TIM_OC3FastConfig), (24 bytes).
    Removing stm32f0xx_tim.o(i.TIM_OC3Init), (152 bytes).
    Removing stm32f0xx_tim.o(i.TIM_OC3NPolarityConfig), (24 bytes).
    Removing stm32f0xx_tim.o(i.TIM_OC3PolarityConfig), (24 bytes).
    Removing stm32f0xx_tim.o(i.TIM_OC3PreloadConfig), (24 bytes).
    Removing stm32f0xx_tim.o(i.TIM_OC4FastConfig), (24 bytes).
    Removing stm32f0xx_tim.o(i.TIM_OC4Init), (112 bytes).
    Removing stm32f0xx_tim.o(i.TIM_OC4PolarityConfig), (24 bytes).
    Removing stm32f0xx_tim.o(i.TIM_OC4PreloadConfig), (24 bytes).
    Removing stm32f0xx_tim.o(i.TIM_OCStructInit), (20 bytes).
    Removing stm32f0xx_tim.o(i.TIM_PWMIConfig), (124 bytes).
    Removing stm32f0xx_tim.o(i.TIM_PrescalerConfig), (6 bytes).
    Removing stm32f0xx_tim.o(i.TIM_RemapConfig), (6 bytes).
    Removing stm32f0xx_tim.o(i.TIM_SelectCCDMA), (28 bytes).
    Removing stm32f0xx_tim.o(i.TIM_SelectCOM), (28 bytes).
    Removing stm32f0xx_tim.o(i.TIM_SelectHallSensor), (28 bytes).
    Removing stm32f0xx_tim.o(i.TIM_SelectInputTrigger), (24 bytes).
    Removing stm32f0xx_tim.o(i.TIM_SelectMasterSlaveMode), (20 bytes).
    Removing stm32f0xx_tim.o(i.TIM_SelectOCREFClear), (20 bytes).
    Removing stm32f0xx_tim.o(i.TIM_SelectOCxM), (82 bytes).
    Removing stm32f0xx_tim.o(i.TIM_SelectOnePulseMode), (20 bytes).
    Removing stm32f0xx_tim.o(i.TIM_SelectOutputTrigger), (20 bytes).
    Removing stm32f0xx_tim.o(i.TIM_SelectSlaveMode), (20 bytes).
    Removing stm32f0xx_tim.o(i.TIM_SetAutoreload), (4 bytes).
    Removing stm32f0xx_tim.o(i.TIM_SetClockDivision), (20 bytes).
    Removing stm32f0xx_tim.o(i.TIM_SetCompare1), (4 bytes).
    Removing stm32f0xx_tim.o(i.TIM_SetCompare2), (4 bytes).
    Removing stm32f0xx_tim.o(i.TIM_SetCompare3), (4 bytes).
    Removing stm32f0xx_tim.o(i.TIM_SetCompare4), (4 bytes).
    Removing stm32f0xx_tim.o(i.TIM_SetCounter), (4 bytes).
    Removing stm32f0xx_tim.o(i.TIM_SetIC1Prescaler), (20 bytes).
    Removing stm32f0xx_tim.o(i.TIM_SetIC2Prescaler), (24 bytes).
    Removing stm32f0xx_tim.o(i.TIM_SetIC3Prescaler), (20 bytes).
    Removing stm32f0xx_tim.o(i.TIM_SetIC4Prescaler), (24 bytes).
    Removing stm32f0xx_tim.o(i.TIM_TIxExternalClockConfig), (58 bytes).
    Removing stm32f0xx_tim.o(i.TIM_TimeBaseStructInit), (18 bytes).
    Removing stm32f0xx_tim.o(i.TIM_UpdateDisableConfig), (28 bytes).
    Removing stm32f0xx_tim.o(i.TIM_UpdateRequestConfig), (28 bytes).
    Removing stm32f0xx_misc.o(.rev16_text), (4 bytes).
    Removing stm32f0xx_misc.o(.revsh_text), (4 bytes).
    Removing stm32f0xx_misc.o(i.NVIC_SystemLPConfig), (32 bytes).
    Removing stm32f0xx_misc.o(i.SysTick_CLKSourceConfig), (36 bytes).
    Removing stm32f0xx_exti.o(.rev16_text), (4 bytes).
    Removing stm32f0xx_exti.o(.revsh_text), (4 bytes).
    Removing stm32f0xx_exti.o(i.EXTI_ClearFlag), (12 bytes).
    Removing stm32f0xx_exti.o(i.EXTI_DeInit), (32 bytes).
    Removing stm32f0xx_exti.o(i.EXTI_GenerateSWInterrupt), (16 bytes).
    Removing stm32f0xx_exti.o(i.EXTI_GetFlagStatus), (28 bytes).
    Removing stm32f0xx_exti.o(i.EXTI_StructInit), (16 bytes).
    Removing stm32f0xx_syscfg.o(.rev16_text), (4 bytes).
    Removing stm32f0xx_syscfg.o(.revsh_text), (4 bytes).
    Removing stm32f0xx_syscfg.o(i.SYSCFG_BreakConfig), (16 bytes).
    Removing stm32f0xx_syscfg.o(i.SYSCFG_ClearFlag), (16 bytes).
    Removing stm32f0xx_syscfg.o(i.SYSCFG_DMAChannelRemapConfig), (32 bytes).
    Removing stm32f0xx_syscfg.o(i.SYSCFG_DeInit), (44 bytes).
    Removing stm32f0xx_syscfg.o(i.SYSCFG_GetFlagStatus), (32 bytes).
    Removing stm32f0xx_syscfg.o(i.SYSCFG_GetPendingIT), (24 bytes).
    Removing stm32f0xx_syscfg.o(i.SYSCFG_I2CFastModePlusConfig), (32 bytes).
    Removing stm32f0xx_syscfg.o(i.SYSCFG_IRDAEnvSelection), (28 bytes).
    Removing stm32f0xx_syscfg.o(i.SYSCFG_MemoryRemapConfig), (28 bytes).
    Removing stm32f0xx_usart.o(.rev16_text), (4 bytes).
    Removing stm32f0xx_usart.o(.revsh_text), (4 bytes).
    Removing stm32f0xx_usart.o(i.USART_AddressDetectionConfig), (16 bytes).
    Removing stm32f0xx_usart.o(i.USART_AutoBaudRateCmd), (28 bytes).
    Removing stm32f0xx_usart.o(i.USART_AutoBaudRateConfig), (18 bytes).
    Removing stm32f0xx_usart.o(i.USART_ClockInit), (36 bytes).
    Removing stm32f0xx_usart.o(i.USART_ClockStructInit), (12 bytes).
    Removing stm32f0xx_usart.o(i.USART_DECmd), (28 bytes).
    Removing stm32f0xx_usart.o(i.USART_DEPolarityConfig), (18 bytes).
    Removing stm32f0xx_usart.o(i.USART_DMACmd), (20 bytes).
    Removing stm32f0xx_usart.o(i.USART_DMAReceptionErrorConfig), (18 bytes).
    Removing stm32f0xx_usart.o(i.USART_DataInvCmd), (28 bytes).
    Removing stm32f0xx_usart.o(i.USART_DeInit), (240 bytes).
    Removing stm32f0xx_usart.o(i.USART_DirectionModeCmd), (20 bytes).
    Removing stm32f0xx_usart.o(i.USART_HalfDuplexCmd), (24 bytes).
    Removing stm32f0xx_usart.o(i.USART_InvPinCmd), (20 bytes).
    Removing stm32f0xx_usart.o(i.USART_IrDACmd), (24 bytes).
    Removing stm32f0xx_usart.o(i.USART_IrDAConfig), (16 bytes).
    Removing stm32f0xx_usart.o(i.USART_LINBreakDetectLengthConfig), (16 bytes).
    Removing stm32f0xx_usart.o(i.USART_LINCmd), (28 bytes).
    Removing stm32f0xx_usart.o(i.USART_MSBFirstCmd), (28 bytes).
    Removing stm32f0xx_usart.o(i.USART_MuteModeCmd), (28 bytes).
    Removing stm32f0xx_usart.o(i.USART_MuteModeWakeUpConfig), (18 bytes).
    Removing stm32f0xx_usart.o(i.USART_OneBitMethodCmd), (28 bytes).
    Removing stm32f0xx_usart.o(i.USART_OverSampling8Cmd), (28 bytes).
    Removing stm32f0xx_usart.o(i.USART_OverrunDetectionConfig), (18 bytes).
    Removing stm32f0xx_usart.o(i.USART_ReceiverTimeOutCmd), (28 bytes).
    Removing stm32f0xx_usart.o(i.USART_RequestCmd), (20 bytes).
    Removing stm32f0xx_usart.o(i.USART_STOPModeCmd), (24 bytes).
    Removing stm32f0xx_usart.o(i.USART_SWAPPinCmd), (28 bytes).
    Removing stm32f0xx_usart.o(i.USART_SetAddress), (18 bytes).
    Removing stm32f0xx_usart.o(i.USART_SetAutoRetryCount), (20 bytes).
    Removing stm32f0xx_usart.o(i.USART_SetBlockLength), (18 bytes).
    Removing stm32f0xx_usart.o(i.USART_SetDEAssertionTime), (20 bytes).
    Removing stm32f0xx_usart.o(i.USART_SetDEDeassertionTime), (20 bytes).
    Removing stm32f0xx_usart.o(i.USART_SetGuardTime), (16 bytes).
    Removing stm32f0xx_usart.o(i.USART_SetPrescaler), (18 bytes).
    Removing stm32f0xx_usart.o(i.USART_SetReceiverTimeOut), (16 bytes).
    Removing stm32f0xx_usart.o(i.USART_SmartCardCmd), (24 bytes).
    Removing stm32f0xx_usart.o(i.USART_SmartCardNACKCmd), (24 bytes).
    Removing stm32f0xx_usart.o(i.USART_StopModeWakeUpSourceConfig), (18 bytes).
    Removing stm32f0xx_usart.o(i.USART_StructInit), (24 bytes).
    Removing stm32f0xx_adc.o(.rev16_text), (4 bytes).
    Removing stm32f0xx_adc.o(.revsh_text), (4 bytes).
    Removing stm32f0xx_adc.o(i.ADC_AnalogWatchdogCmd), (28 bytes).
    Removing stm32f0xx_adc.o(i.ADC_AnalogWatchdogSingleChannelCmd), (28 bytes).
    Removing stm32f0xx_adc.o(i.ADC_AnalogWatchdogSingleChannelConfig), (28 bytes).
    Removing stm32f0xx_adc.o(i.ADC_AnalogWatchdogThresholdsConfig), (8 bytes).
    Removing stm32f0xx_adc.o(i.ADC_AutoPowerOffCmd), (28 bytes).
    Removing stm32f0xx_adc.o(i.ADC_ClearFlag), (4 bytes).
    Removing stm32f0xx_adc.o(i.ADC_ClearITPendingBit), (4 bytes).
    Removing stm32f0xx_adc.o(i.ADC_ClockModeConfig), (4 bytes).
    Removing stm32f0xx_adc.o(i.ADC_ContinuousModeCmd), (28 bytes).
    Removing stm32f0xx_adc.o(i.ADC_DMACmd), (24 bytes).
    Removing stm32f0xx_adc.o(i.ADC_DMARequestModeConfig), (16 bytes).
    Removing stm32f0xx_adc.o(i.ADC_DiscModeCmd), (28 bytes).
    Removing stm32f0xx_adc.o(i.ADC_GetConversionValue), (8 bytes).
    Removing stm32f0xx_adc.o(i.ADC_GetITStatus), (34 bytes).
    Removing stm32f0xx_adc.o(i.ADC_JitterCmd), (20 bytes).
    Removing stm32f0xx_adc.o(i.ADC_OverrunModeCmd), (28 bytes).
    Removing stm32f0xx_adc.o(i.ADC_TempSensorCmd), (40 bytes).
    Removing stm32f0xx_adc.o(i.ADC_VbatCmd), (40 bytes).
    Removing stm32f0xx_adc.o(i.ADC_VrefintCmd), (40 bytes).
    Removing stm32f0xx_adc.o(i.ADC_WaitModeCmd), (28 bytes).

246 unused section(s) (total 7372 bytes) removed from the image.

==============================================================================

Image Symbol Table

    Local Symbols

    Symbol Name                              Value     Ov Type        Size  Object(Section)

    ../clib/microlib/division.c              0x00000000   Number         0  uidiv.o ABSOLUTE
    ../clib/microlib/division.c              0x00000000   Number         0  idiv.o ABSOLUTE
    ../clib/microlib/init/entry.s            0x00000000   Number         0  entry5.o ABSOLUTE
    ../clib/microlib/init/entry.s            0x00000000   Number         0  entry.o ABSOLUTE
    ../clib/microlib/init/entry.s            0x00000000   Number         0  entry2.o ABSOLUTE
    ../clib/microlib/init/entry.s            0x00000000   Number         0  entry11b.o ABSOLUTE
    ../clib/microlib/init/entry.s            0x00000000   Number         0  entry11a.o ABSOLUTE
    ../clib/microlib/init/entry.s            0x00000000   Number         0  entry10b.o ABSOLUTE
    ../clib/microlib/init/entry.s            0x00000000   Number         0  entry10a.o ABSOLUTE
    ../clib/microlib/init/entry.s            0x00000000   Number         0  entry9b.o ABSOLUTE
    ../clib/microlib/init/entry.s            0x00000000   Number         0  entry9a.o ABSOLUTE
    ../clib/microlib/init/entry.s            0x00000000   Number         0  entry8b.o ABSOLUTE
    ../clib/microlib/init/entry.s            0x00000000   Number         0  entry8a.o ABSOLUTE
    ../clib/microlib/init/entry.s            0x00000000   Number         0  entry7b.o ABSOLUTE
    ../clib/microlib/init/entry.s            0x00000000   Number         0  entry7a.o ABSOLUTE
    ASM\startup_stm32f030.s                  0x00000000   Number         0  startup_stm32f030.o ABSOLUTE
    Lib\\src\\stm32f0xx_adc.c                0x00000000   Number         0  stm32f0xx_adc.o ABSOLUTE
    Lib\\src\\stm32f0xx_exti.c               0x00000000   Number         0  stm32f0xx_exti.o ABSOLUTE
    Lib\\src\\stm32f0xx_gpio.c               0x00000000   Number         0  stm32f0xx_gpio.o ABSOLUTE
    Lib\\src\\stm32f0xx_misc.c               0x00000000   Number         0  stm32f0xx_misc.o ABSOLUTE
    Lib\\src\\stm32f0xx_rcc.c                0x00000000   Number         0  stm32f0xx_rcc.o ABSOLUTE
    Lib\\src\\stm32f0xx_syscfg.c             0x00000000   Number         0  stm32f0xx_syscfg.o ABSOLUTE
    Lib\\src\\stm32f0xx_tim.c                0x00000000   Number         0  stm32f0xx_tim.o ABSOLUTE
    Lib\\src\\stm32f0xx_usart.c              0x00000000   Number         0  stm32f0xx_usart.o ABSOLUTE
    Lib\src\stm32f0xx_adc.c                  0x00000000   Number         0  stm32f0xx_adc.o ABSOLUTE
    Lib\src\stm32f0xx_exti.c                 0x00000000   Number         0  stm32f0xx_exti.o ABSOLUTE
    Lib\src\stm32f0xx_gpio.c                 0x00000000   Number         0  stm32f0xx_gpio.o ABSOLUTE
    Lib\src\stm32f0xx_misc.c                 0x00000000   Number         0  stm32f0xx_misc.o ABSOLUTE
    Lib\src\stm32f0xx_rcc.c                  0x00000000   Number         0  stm32f0xx_rcc.o ABSOLUTE
    Lib\src\stm32f0xx_syscfg.c               0x00000000   Number         0  stm32f0xx_syscfg.o ABSOLUTE
    Lib\src\stm32f0xx_tim.c                  0x00000000   Number         0  stm32f0xx_tim.o ABSOLUTE
    Lib\src\stm32f0xx_usart.c                0x00000000   Number         0  stm32f0xx_usart.o ABSOLUTE
    System\\system_stm32f0xx.c               0x00000000   Number         0  system_stm32f0xx.o ABSOLUTE
    System\system_stm32f0xx.c                0x00000000   Number         0  system_stm32f0xx.o ABSOLUTE
    User\\adc.c                              0x00000000   Number         0  adc.o ABSOLUTE
    User\\gpio.c                             0x00000000   Number         0  gpio.o ABSOLUTE
    User\\main.c                             0x00000000   Number         0  main.o ABSOLUTE
    User\\stm32f0xx_it.c                     0x00000000   Number         0  stm32f0xx_it.o ABSOLUTE
    User\\timer.c                            0x00000000   Number         0  timer.o ABSOLUTE
    User\\uart.c                             0x00000000   Number         0  uart.o ABSOLUTE
    User\adc.c                               0x00000000   Number         0  adc.o ABSOLUTE
    User\gpio.c                              0x00000000   Number         0  gpio.o ABSOLUTE
    User\main.c                              0x00000000   Number         0  main.o ABSOLUTE
    User\stm32f0xx_it.c                      0x00000000   Number         0  stm32f0xx_it.o ABSOLUTE
    User\timer.c                             0x00000000   Number         0  timer.o ABSOLUTE
    User\uart.c                              0x00000000   Number         0  uart.o ABSOLUTE
    dc.s                                     0x00000000   Number         0  dc.o ABSOLUTE
    handlers.s                               0x00000000   Number         0  handlers.o ABSOLUTE
    init.s                                   0x00000000   Number         0  init.o ABSOLUTE
    RESET                                    0x08000000   Section      180  startup_stm32f030.o(RESET)
    .ARM.Collect$$$$00000000                 0x080000b4   Section        0  entry.o(.ARM.Collect$$$$00000000)
    .ARM.Collect$$$$00000001                 0x080000b4   Section        4  entry2.o(.ARM.Collect$$$$00000001)
    .ARM.Collect$$$$00000004                 0x080000b8   Section        4  entry5.o(.ARM.Collect$$$$00000004)
    .ARM.Collect$$$$00000008                 0x080000bc   Section        0  entry7b.o(.ARM.Collect$$$$00000008)
    .ARM.Collect$$$$0000000A                 0x080000bc   Section        0  entry8b.o(.ARM.Collect$$$$0000000A)
    .ARM.Collect$$$$0000000B                 0x080000bc   Section        8  entry9a.o(.ARM.Collect$$$$0000000B)
    .ARM.Collect$$$$0000000D                 0x080000c4   Section        0  entry10a.o(.ARM.Collect$$$$0000000D)
    .ARM.Collect$$$$0000000F                 0x080000c4   Section        0  entry11a.o(.ARM.Collect$$$$0000000F)
    .ARM.Collect$$$$00002712                 0x080000c4   Section        4  entry2.o(.ARM.Collect$$$$00002712)
    __lit__00000000                          0x080000c4   Data           4  entry2.o(.ARM.Collect$$$$00002712)
    .text                                    0x080000c8   Section       88  startup_stm32f030.o(.text)
    .text                                    0x08000120   Section        0  uidiv.o(.text)
    .text                                    0x0800014c   Section        0  idiv.o(.text)
    .text                                    0x08000174   Section       36  init.o(.text)
    i.ADC1_IRQHandler                        0x08000198   Section        0  stm32f0xx_it.o(i.ADC1_IRQHandler)
    i.ADC_ChannelConfig                      0x080001e4   Section        0  stm32f0xx_adc.o(i.ADC_ChannelConfig)
    i.ADC_Cmd                                0x080001fc   Section        0  stm32f0xx_adc.o(i.ADC_Cmd)
    i.ADC_Config                             0x08000214   Section        0  adc.o(i.ADC_Config)
    i.ADC_DeInit                             0x080002a8   Section        0  stm32f0xx_adc.o(i.ADC_DeInit)
    i.ADC_GetCalibrationFactor               0x080002c8   Section        0  stm32f0xx_adc.o(i.ADC_GetCalibrationFactor)
    i.ADC_GetFlagStatus                      0x08000304   Section        0  stm32f0xx_adc.o(i.ADC_GetFlagStatus)
    i.ADC_ITConfig                           0x08000334   Section        0  stm32f0xx_adc.o(i.ADC_ITConfig)
    i.ADC_Init                               0x08000348   Section        0  stm32f0xx_adc.o(i.ADC_Init)
    i.ADC_StartOfConversion                  0x08000374   Section        0  stm32f0xx_adc.o(i.ADC_StartOfConversion)
    i.ADC_StopOfConversion                   0x0800037e   Section        0  stm32f0xx_adc.o(i.ADC_StopOfConversion)
    i.ADC_StructInit                         0x08000388   Section        0  stm32f0xx_adc.o(i.ADC_StructInit)
    i.EXTI4_15_IRQHandler                    0x08000398   Section        0  stm32f0xx_it.o(i.EXTI4_15_IRQHandler)
    i.EXTI_ClearITPendingBit                 0x080003e8   Section        0  stm32f0xx_exti.o(i.EXTI_ClearITPendingBit)
    i.EXTI_Config                            0x080003f4   Section        0  main.o(i.EXTI_Config)
    i.EXTI_GetITStatus                       0x08000420   Section        0  stm32f0xx_exti.o(i.EXTI_GetITStatus)
    i.EXTI_Init                              0x0800043c   Section        0  stm32f0xx_exti.o(i.EXTI_Init)
    i.GPIO_Init                              0x080004c4   Section        0  stm32f0xx_gpio.o(i.GPIO_Init)
    i.GPIO_PinAFConfig                       0x08000554   Section        0  stm32f0xx_gpio.o(i.GPIO_PinAFConfig)
    i.GPIO_ReadInputDataBit                  0x08000598   Section        0  stm32f0xx_gpio.o(i.GPIO_ReadInputDataBit)
    i.GPIO_ResetBits                         0x080005ac   Section        0  stm32f0xx_gpio.o(i.GPIO_ResetBits)
    i.GPIO_SetBits                           0x080005b0   Section        0  stm32f0xx_gpio.o(i.GPIO_SetBits)
    i.GPIO_WriteBit                          0x080005b4   Section        0  stm32f0xx_gpio.o(i.GPIO_WriteBit)
    i.HardFault_Handler                      0x080005c0   Section        0  stm32f0xx_it.o(i.HardFault_Handler)
    i.InitGPIOA2                             0x080005c4   Section        0  gpio.o(i.InitGPIOA2)
    i.InitGPIOA6                             0x080005f6   Section        0  gpio.o(i.InitGPIOA6)
    i.InitGPIOB0                             0x08000630   Section        0  gpio.o(i.InitGPIOB0)
    i.InitGPIOB4                             0x0800065c   Section        0  gpio.o(i.InitGPIOB4)
    i.InitGPIOB5                             0x08000690   Section        0  gpio.o(i.InitGPIOB5)
    i.InitGPIOB7                             0x080006b8   Section        0  gpio.o(i.InitGPIOB7)
    i.InitGPIO_Uart                          0x080006e4   Section        0  gpio.o(i.InitGPIO_Uart)
    i.InitGPIOs                              0x08000720   Section        0  gpio.o(i.InitGPIOs)
    i.InitNVIC                               0x08000740   Section        0  main.o(i.InitNVIC)
    i.InitRCC                                0x08000790   Section        0  main.o(i.InitRCC)
    i.InitTIM14                              0x0800087c   Section        0  timer.o(i.InitTIM14)
    i.InitTIM3                               0x080008c4   Section        0  timer.o(i.InitTIM3)
    i.InitTIMs                               0x08000950   Section        0  timer.o(i.InitTIMs)
    i.InitUart1                              0x08000968   Section        0  uart.o(i.InitUart1)
    i.NMI_Handler                            0x080009b8   Section        0  stm32f0xx_it.o(i.NMI_Handler)
    i.NVIC_Init                              0x080009bc   Section        0  stm32f0xx_misc.o(i.NVIC_Init)
    i.NVIC_SetPriority                       0x08000a2c   Section        0  main.o(i.NVIC_SetPriority)
    NVIC_SetPriority                         0x08000a2d   Thumb Code   110  main.o(i.NVIC_SetPriority)
    i.PendSV_Handler                         0x08000aa4   Section        0  stm32f0xx_it.o(i.PendSV_Handler)
    i.RCC_ADCCLKConfig                       0x08000aa8   Section        0  stm32f0xx_rcc.o(i.RCC_ADCCLKConfig)
    i.RCC_AHBPeriphClockCmd                  0x08000ae0   Section        0  stm32f0xx_rcc.o(i.RCC_AHBPeriphClockCmd)
    i.RCC_APB1PeriphClockCmd                 0x08000b00   Section        0  stm32f0xx_rcc.o(i.RCC_APB1PeriphClockCmd)
    i.RCC_APB2PeriphClockCmd                 0x08000b20   Section        0  stm32f0xx_rcc.o(i.RCC_APB2PeriphClockCmd)
    i.RCC_APB2PeriphResetCmd                 0x08000b40   Section        0  stm32f0xx_rcc.o(i.RCC_APB2PeriphResetCmd)
    i.RCC_GetClocksFreq                      0x08000b60   Section        0  stm32f0xx_rcc.o(i.RCC_GetClocksFreq)
    i.RCC_IRQHandler                         0x08000da8   Section        0  stm32f0xx_it.o(i.RCC_IRQHandler)
    i.SVC_Handler                            0x08000dd4   Section        0  stm32f0xx_it.o(i.SVC_Handler)
    i.SYSCFG_EXTILineConfig                  0x08000dd8   Section        0  stm32f0xx_syscfg.o(i.SYSCFG_EXTILineConfig)
    i.SetSysClock                            0x08000e18   Section        0  system_stm32f0xx.o(i.SetSysClock)
    SetSysClock                              0x08000e19   Thumb Code   206  system_stm32f0xx.o(i.SetSysClock)
    i.SysTick_Handler                        0x08000ef0   Section        0  stm32f0xx_it.o(i.SysTick_Handler)
    i.SystemInit                             0x08000ef4   Section        0  system_stm32f0xx.o(i.SystemInit)
    i.TIM14_IRQHandler                       0x08000f70   Section        0  stm32f0xx_it.o(i.TIM14_IRQHandler)
    i.TIM3_IRQHandler                        0x08001018   Section        0  stm32f0xx_it.o(i.TIM3_IRQHandler)
    i.TIM_ClearITPendingBit                  0x0800101a   Section        0  stm32f0xx_tim.o(i.TIM_ClearITPendingBit)
    i.TIM_Cmd                                0x08001020   Section        0  stm32f0xx_tim.o(i.TIM_Cmd)
    i.TIM_CtrlPWMOutputs                     0x0800103c   Section        0  stm32f0xx_tim.o(i.TIM_CtrlPWMOutputs)
    i.TIM_ITConfig                           0x0800105e   Section        0  stm32f0xx_tim.o(i.TIM_ITConfig)
    i.TIM_OC1Init                            0x08001074   Section        0  stm32f0xx_tim.o(i.TIM_OC1Init)
    i.TIM_OC1PreloadConfig                   0x08001108   Section        0  stm32f0xx_tim.o(i.TIM_OC1PreloadConfig)
    i.TIM_TimeBaseInit                       0x08001120   Section        0  stm32f0xx_tim.o(i.TIM_TimeBaseInit)
    i.USART1_IRQHandler                      0x0800119c   Section        0  stm32f0xx_it.o(i.USART1_IRQHandler)
    i.USART_ClearFlag                        0x080011dc   Section        0  stm32f0xx_usart.o(i.USART_ClearFlag)
    i.USART_ClearITPendingBit                0x080011e0   Section        0  stm32f0xx_usart.o(i.USART_ClearITPendingBit)
    i.USART_Cmd                              0x080011f2   Section        0  stm32f0xx_usart.o(i.USART_Cmd)
    i.USART_GetFlagStatus                    0x0800120a   Section        0  stm32f0xx_usart.o(i.USART_GetFlagStatus)
    i.USART_GetITStatus                      0x0800121e   Section        0  stm32f0xx_usart.o(i.USART_GetITStatus)
    i.USART_ITConfig                         0x0800126c   Section        0  stm32f0xx_usart.o(i.USART_ITConfig)
    i.USART_Init                             0x080012b0   Section        0  stm32f0xx_usart.o(i.USART_Init)
    i.USART_ReceiveData                      0x080013a8   Section        0  stm32f0xx_usart.o(i.USART_ReceiveData)
    i.USART_SendData                         0x080013b2   Section        0  stm32f0xx_usart.o(i.USART_SendData)
    i.__scatterload_copy                     0x080013ba   Section       14  handlers.o(i.__scatterload_copy)
    i.__scatterload_null                     0x080013c8   Section        2  handlers.o(i.__scatterload_null)
    i.__scatterload_zeroinit                 0x080013ca   Section       14  handlers.o(i.__scatterload_zeroinit)
    i.delay_5ms                              0x080013d8   Section        0  stm32f0xx_it.o(i.delay_5ms)
    i.main                                   0x080013e8   Section        0  main.o(i.main)
    .data                                    0x20000000   Section       24  main.o(.data)
    .data                                    0x20000018   Section       12  stm32f0xx_it.o(.data)
    .data                                    0x20000024   Section       20  system_stm32f0xx.o(.data)
    .data                                    0x20000038   Section       16  stm32f0xx_rcc.o(.data)
    APBAHBPrescTable                         0x20000038   Data          16  stm32f0xx_rcc.o(.data)
    .bss                                     0x20000048   Section     2048  stm32f0xx_it.o(.bss)
    STACK                                    0x20000848   Section     1024  startup_stm32f030.o(STACK)

    Global Symbols

    Symbol Name                              Value     Ov Type        Size  Object(Section)

    BuildAttributes$$THM_ISAv3M$S$PE$A:L22$X:L11$S22$IEEE1$IW$USESV6$~STKCKD$USESV7$~SHL$OSPACE$EBA8$MICROLIB$REQ8$PRES8$EABIv2 0x00000000   Number         0  anon$$obj.o ABSOLUTE
    __ARM_use_no_argv                        0x00000000   Number         0  main.o ABSOLUTE
    __cpp_initialize__aeabi_                  - Undefined Weak Reference
    __cxa_finalize                            - Undefined Weak Reference
    __decompress                              - Undefined Weak Reference
    _clock_init                               - Undefined Weak Reference
    _microlib_exit                            - Undefined Weak Reference
    __Vectors_Size                           0x000000b4   Number         0  startup_stm32f030.o ABSOLUTE
    __Vectors                                0x08000000   Data           4  startup_stm32f030.o(RESET)
    __Vectors_End                            0x080000b4   Data           0  startup_stm32f030.o(RESET)
    __main                                   0x080000b5   Thumb Code     0  entry.o(.ARM.Collect$$$$00000000)
    _main_stk                                0x080000b5   Thumb Code     0  entry2.o(.ARM.Collect$$$$00000001)
    _main_scatterload                        0x080000b9   Thumb Code     0  entry5.o(.ARM.Collect$$$$00000004)
    __main_after_scatterload                 0x080000bd   Thumb Code     0  entry5.o(.ARM.Collect$$$$00000004)
    _main_clock                              0x080000bd   Thumb Code     0  entry7b.o(.ARM.Collect$$$$00000008)
    _main_cpp_init                           0x080000bd   Thumb Code     0  entry8b.o(.ARM.Collect$$$$0000000A)
    _main_init                               0x080000bd   Thumb Code     0  entry9a.o(.ARM.Collect$$$$0000000B)
    __rt_final_cpp                           0x080000c5   Thumb Code     0  entry10a.o(.ARM.Collect$$$$0000000D)
    __rt_final_exit                          0x080000c5   Thumb Code     0  entry11a.o(.ARM.Collect$$$$0000000F)
    Reset_Handler                            0x080000c9   Thumb Code    38  startup_stm32f030.o(.text)
    DMA1_Channel1_IRQHandler                 0x080000f9   Thumb Code     0  startup_stm32f030.o(.text)
    DMA1_Channel2_3_IRQHandler               0x080000f9   Thumb Code     0  startup_stm32f030.o(.text)
    DMA1_Channel4_5_IRQHandler               0x080000f9   Thumb Code     0  startup_stm32f030.o(.text)
    EXTI0_1_IRQHandler                       0x080000f9   Thumb Code     0  startup_stm32f030.o(.text)
    EXTI2_3_IRQHandler                       0x080000f9   Thumb Code     0  startup_stm32f030.o(.text)
    FLASH_IRQHandler                         0x080000f9   Thumb Code     0  startup_stm32f030.o(.text)
    I2C1_IRQHandler                          0x080000f9   Thumb Code     0  startup_stm32f030.o(.text)
    I2C2_IRQHandler                          0x080000f9   Thumb Code     0  startup_stm32f030.o(.text)
    RTC_IRQHandler                           0x080000f9   Thumb Code     0  startup_stm32f030.o(.text)
    SPI1_IRQHandler                          0x080000f9   Thumb Code     0  startup_stm32f030.o(.text)
    SPI2_IRQHandler                          0x080000f9   Thumb Code     0  startup_stm32f030.o(.text)
    TIM15_IRQHandler                         0x080000f9   Thumb Code     0  startup_stm32f030.o(.text)
    TIM16_IRQHandler                         0x080000f9   Thumb Code     0  startup_stm32f030.o(.text)
    TIM17_IRQHandler                         0x080000f9   Thumb Code     0  startup_stm32f030.o(.text)
    TIM1_BRK_UP_TRG_COM_IRQHandler           0x080000f9   Thumb Code     0  startup_stm32f030.o(.text)
    TIM1_CC_IRQHandler                       0x080000f9   Thumb Code     0  startup_stm32f030.o(.text)
    USART2_IRQHandler                        0x080000f9   Thumb Code     0  startup_stm32f030.o(.text)
    WWDG_IRQHandler                          0x080000f9   Thumb Code     0  startup_stm32f030.o(.text)
    __aeabi_uidiv                            0x08000121   Thumb Code     0  uidiv.o(.text)
    __aeabi_uidivmod                         0x08000121   Thumb Code    44  uidiv.o(.text)
    __aeabi_idiv                             0x0800014d   Thumb Code     0  idiv.o(.text)
    __aeabi_idivmod                          0x0800014d   Thumb Code    40  idiv.o(.text)
    __scatterload                            0x08000175   Thumb Code    28  init.o(.text)
    __scatterload_rt2                        0x08000175   Thumb Code     0  init.o(.text)
    ADC1_IRQHandler                          0x08000199   Thumb Code    58  stm32f0xx_it.o(i.ADC1_IRQHandler)
    ADC_ChannelConfig                        0x080001e5   Thumb Code    24  stm32f0xx_adc.o(i.ADC_ChannelConfig)
    ADC_Cmd                                  0x080001fd   Thumb Code    24  stm32f0xx_adc.o(i.ADC_Cmd)
    ADC_Config                               0x08000215   Thumb Code   140  adc.o(i.ADC_Config)
    ADC_DeInit                               0x080002a9   Thumb Code    28  stm32f0xx_adc.o(i.ADC_DeInit)
    ADC_GetCalibrationFactor                 0x080002c9   Thumb Code    60  stm32f0xx_adc.o(i.ADC_GetCalibrationFactor)
    ADC_GetFlagStatus                        0x08000305   Thumb Code    48  stm32f0xx_adc.o(i.ADC_GetFlagStatus)
    ADC_ITConfig                             0x08000335   Thumb Code    20  stm32f0xx_adc.o(i.ADC_ITConfig)
    ADC_Init                                 0x08000349   Thumb Code    40  stm32f0xx_adc.o(i.ADC_Init)
    ADC_StartOfConversion                    0x08000375   Thumb Code    10  stm32f0xx_adc.o(i.ADC_StartOfConversion)
    ADC_StopOfConversion                     0x0800037f   Thumb Code    10  stm32f0xx_adc.o(i.ADC_StopOfConversion)
    ADC_StructInit                           0x08000389   Thumb Code    16  stm32f0xx_adc.o(i.ADC_StructInit)
    EXTI4_15_IRQHandler                      0x08000399   Thumb Code    76  stm32f0xx_it.o(i.EXTI4_15_IRQHandler)
    EXTI_ClearITPendingBit                   0x080003e9   Thumb Code     6  stm32f0xx_exti.o(i.EXTI_ClearITPendingBit)
    EXTI_Config                              0x080003f5   Thumb Code    42  main.o(i.EXTI_Config)
    EXTI_GetITStatus                         0x08000421   Thumb Code    22  stm32f0xx_exti.o(i.EXTI_GetITStatus)
    EXTI_Init                                0x0800043d   Thumb Code   132  stm32f0xx_exti.o(i.EXTI_Init)
    GPIO_Init                                0x080004c5   Thumb Code   144  stm32f0xx_gpio.o(i.GPIO_Init)
    GPIO_PinAFConfig                         0x08000555   Thumb Code    68  stm32f0xx_gpio.o(i.GPIO_PinAFConfig)
    GPIO_ReadInputDataBit                    0x08000599   Thumb Code    20  stm32f0xx_gpio.o(i.GPIO_ReadInputDataBit)
    GPIO_ResetBits                           0x080005ad   Thumb Code     4  stm32f0xx_gpio.o(i.GPIO_ResetBits)
    GPIO_SetBits                             0x080005b1   Thumb Code     4  stm32f0xx_gpio.o(i.GPIO_SetBits)
    GPIO_WriteBit                            0x080005b5   Thumb Code    12  stm32f0xx_gpio.o(i.GPIO_WriteBit)
    HardFault_Handler                        0x080005c1   Thumb Code     4  stm32f0xx_it.o(i.HardFault_Handler)
    InitGPIOA2                               0x080005c5   Thumb Code    50  gpio.o(i.InitGPIOA2)
    InitGPIOA6                               0x080005f7   Thumb Code    56  gpio.o(i.InitGPIOA6)
    InitGPIOB0                               0x08000631   Thumb Code    38  gpio.o(i.InitGPIOB0)
    InitGPIOB4                               0x0800065d   Thumb Code    48  gpio.o(i.InitGPIOB4)
    InitGPIOB5                               0x08000691   Thumb Code    34  gpio.o(i.InitGPIOB5)
    InitGPIOB7                               0x080006b9   Thumb Code    40  gpio.o(i.InitGPIOB7)
    InitGPIO_Uart                            0x080006e5   Thumb Code    60  gpio.o(i.InitGPIO_Uart)
    InitGPIOs                                0x08000721   Thumb Code    32  gpio.o(i.InitGPIOs)
    InitNVIC                                 0x08000741   Thumb Code    74  main.o(i.InitNVIC)
    InitRCC                                  0x08000791   Thumb Code   220  main.o(i.InitRCC)
    InitTIM14                                0x0800087d   Thumb Code    68  timer.o(i.InitTIM14)
    InitTIM3                                 0x080008c5   Thumb Code   128  timer.o(i.InitTIM3)
    InitTIMs                                 0x08000951   Thumb Code    20  timer.o(i.InitTIMs)
    InitUart1                                0x08000969   Thumb Code    70  uart.o(i.InitUart1)
    NMI_Handler                              0x080009b9   Thumb Code     2  stm32f0xx_it.o(i.NMI_Handler)
    NVIC_Init                                0x080009bd   Thumb Code   106  stm32f0xx_misc.o(i.NVIC_Init)
    PendSV_Handler                           0x08000aa5   Thumb Code     2  stm32f0xx_it.o(i.PendSV_Handler)
    RCC_ADCCLKConfig                         0x08000aa9   Thumb Code    52  stm32f0xx_rcc.o(i.RCC_ADCCLKConfig)
    RCC_AHBPeriphClockCmd                    0x08000ae1   Thumb Code    28  stm32f0xx_rcc.o(i.RCC_AHBPeriphClockCmd)
    RCC_APB1PeriphClockCmd                   0x08000b01   Thumb Code    28  stm32f0xx_rcc.o(i.RCC_APB1PeriphClockCmd)
    RCC_APB2PeriphClockCmd                   0x08000b21   Thumb Code    28  stm32f0xx_rcc.o(i.RCC_APB2PeriphClockCmd)
    RCC_APB2PeriphResetCmd                   0x08000b41   Thumb Code    28  stm32f0xx_rcc.o(i.RCC_APB2PeriphResetCmd)
    RCC_GetClocksFreq                        0x08000b61   Thumb Code   554  stm32f0xx_rcc.o(i.RCC_GetClocksFreq)
    RCC_IRQHandler                           0x08000da9   Thumb Code    38  stm32f0xx_it.o(i.RCC_IRQHandler)
    SVC_Handler                              0x08000dd5   Thumb Code     2  stm32f0xx_it.o(i.SVC_Handler)
    SYSCFG_EXTILineConfig                    0x08000dd9   Thumb Code    60  stm32f0xx_syscfg.o(i.SYSCFG_EXTILineConfig)
    SysTick_Handler                          0x08000ef1   Thumb Code     2  stm32f0xx_it.o(i.SysTick_Handler)
    SystemInit                               0x08000ef5   Thumb Code   110  system_stm32f0xx.o(i.SystemInit)
    TIM14_IRQHandler                         0x08000f71   Thumb Code   138  stm32f0xx_it.o(i.TIM14_IRQHandler)
    TIM3_IRQHandler                          0x08001019   Thumb Code     2  stm32f0xx_it.o(i.TIM3_IRQHandler)
    TIM_ClearITPendingBit                    0x0800101b   Thumb Code     6  stm32f0xx_tim.o(i.TIM_ClearITPendingBit)
    TIM_Cmd                                  0x08001021   Thumb Code    24  stm32f0xx_tim.o(i.TIM_Cmd)
    TIM_CtrlPWMOutputs                       0x0800103d   Thumb Code    34  stm32f0xx_tim.o(i.TIM_CtrlPWMOutputs)
    TIM_ITConfig                             0x0800105f   Thumb Code    20  stm32f0xx_tim.o(i.TIM_ITConfig)
    TIM_OC1Init                              0x08001075   Thumb Code   122  stm32f0xx_tim.o(i.TIM_OC1Init)
    TIM_OC1PreloadConfig                     0x08001109   Thumb Code    20  stm32f0xx_tim.o(i.TIM_OC1PreloadConfig)
    TIM_TimeBaseInit                         0x08001121   Thumb Code    90  stm32f0xx_tim.o(i.TIM_TimeBaseInit)
    USART1_IRQHandler                        0x0800119d   Thumb Code    54  stm32f0xx_it.o(i.USART1_IRQHandler)
    USART_ClearFlag                          0x080011dd   Thumb Code     4  stm32f0xx_usart.o(i.USART_ClearFlag)
    USART_ClearITPendingBit                  0x080011e1   Thumb Code    18  stm32f0xx_usart.o(i.USART_ClearITPendingBit)
    USART_Cmd                                0x080011f3   Thumb Code    24  stm32f0xx_usart.o(i.USART_Cmd)
    USART_GetFlagStatus                      0x0800120b   Thumb Code    20  stm32f0xx_usart.o(i.USART_GetFlagStatus)
    USART_GetITStatus                        0x0800121f   Thumb Code    78  stm32f0xx_usart.o(i.USART_GetITStatus)
    USART_ITConfig                           0x0800126d   Thumb Code    66  stm32f0xx_usart.o(i.USART_ITConfig)
    USART_Init                               0x080012b1   Thumb Code   226  stm32f0xx_usart.o(i.USART_Init)
    USART_ReceiveData                        0x080013a9   Thumb Code    10  stm32f0xx_usart.o(i.USART_ReceiveData)
    USART_SendData                           0x080013b3   Thumb Code     8  stm32f0xx_usart.o(i.USART_SendData)
    __scatterload_copy                       0x080013bb   Thumb Code    14  handlers.o(i.__scatterload_copy)
    __scatterload_null                       0x080013c9   Thumb Code     2  handlers.o(i.__scatterload_null)
    __scatterload_zeroinit                   0x080013cb   Thumb Code    14  handlers.o(i.__scatterload_zeroinit)
    delay_5ms                                0x080013d9   Thumb Code    12  stm32f0xx_it.o(i.delay_5ms)
    main                                     0x080013e9   Thumb Code  1268  main.o(i.main)
    Region$$Table$$Base                      0x080018e4   Number         0  anon$$obj.o(Region$$Table)
    Region$$Table$$Limit                     0x08001904   Number         0  anon$$obj.o(Region$$Table)
    results                                  0x20000000   Data           4  main.o(.data)
    distance                                 0x20000004   Data           4  main.o(.data)
    max                                      0x20000008   Data           1  main.o(.data)
    count                                    0x20000009   Data           1  main.o(.data)
    t                                        0x2000000a   Data           2  main.o(.data)
    mi                                       0x2000000c   Data           2  main.o(.data)
    sum                                      0x2000000e   Data           6  main.o(.data)
    sumPrevage                               0x20000014   Data           4  main.o(.data)
    k                                        0x20000018   Data           4  stm32f0xx_it.o(.data)
    indexADC                                 0x2000001c   Data           2  stm32f0xx_it.o(.data)
    flag                                     0x2000001e   Data           1  stm32f0xx_it.o(.data)
    i                                        0x20000020   Data           4  stm32f0xx_it.o(.data)
    SystemCoreClock                          0x20000024   Data           4  system_stm32f0xx.o(.data)
    AHBPrescTable                            0x20000028   Data          16  system_stm32f0xx.o(.data)
    result                                   0x20000048   Data        2048  stm32f0xx_it.o(.bss)
    __initial_sp                             0x20000c48   Data           0  startup_stm32f030.o(STACK)



==============================================================================

Memory Map of the image

  Image Entry point : 0x080000b5

  Load Region LR_IROM1 (Base: 0x08000000, Size: 0x0000194c, Max: 0x00008000, ABSOLUTE)

    Execution Region ER_IROM1 (Base: 0x08000000, Size: 0x00001904, Max: 0x00008000, ABSOLUTE)

    Base Addr    Size         Type   Attr      Idx    E Section Name        Object

    0x08000000   0x000000b4   Data   RO            3    RESET               startup_stm32f030.o
    0x080000b4   0x00000000   Code   RO         2101  * .ARM.Collect$$$$00000000  mc_p.l(entry.o)
    0x080000b4   0x00000004   Code   RO         2108    .ARM.Collect$$$$00000001  mc_p.l(entry2.o)
    0x080000b8   0x00000004   Code   RO         2111    .ARM.Collect$$$$00000004  mc_p.l(entry5.o)
    0x080000bc   0x00000000   Code   RO         2113    .ARM.Collect$$$$00000008  mc_p.l(entry7b.o)
    0x080000bc   0x00000000   Code   RO         2115    .ARM.Collect$$$$0000000A  mc_p.l(entry8b.o)
    0x080000bc   0x00000008   Code   RO         2116    .ARM.Collect$$$$0000000B  mc_p.l(entry9a.o)
    0x080000c4   0x00000000   Code   RO         2118    .ARM.Collect$$$$0000000D  mc_p.l(entry10a.o)
    0x080000c4   0x00000000   Code   RO         2120    .ARM.Collect$$$$0000000F  mc_p.l(entry11a.o)
    0x080000c4   0x00000004   Code   RO         2109    .ARM.Collect$$$$00002712  mc_p.l(entry2.o)
    0x080000c8   0x00000058   Code   RO            4    .text               startup_stm32f030.o
    0x08000120   0x0000002c   Code   RO         2104    .text               mc_p.l(uidiv.o)
    0x0800014c   0x00000028   Code   RO         2106    .text               mc_p.l(idiv.o)
    0x08000174   0x00000024   Code   RO         2122    .text               mc_p.l(init.o)
    0x08000198   0x0000004c   Code   RO          169    i.ADC1_IRQHandler   stm32f0xx_it.o
    0x080001e4   0x00000018   Code   RO         1914    i.ADC_ChannelConfig  stm32f0xx_adc.o
    0x080001fc   0x00000018   Code   RO         1918    i.ADC_Cmd           stm32f0xx_adc.o
    0x08000214   0x00000094   Code   RO          433    i.ADC_Config        adc.o
    0x080002a8   0x00000020   Code   RO         1922    i.ADC_DeInit        stm32f0xx_adc.o
    0x080002c8   0x0000003c   Code   RO         1924    i.ADC_GetCalibrationFactor  stm32f0xx_adc.o
    0x08000304   0x00000030   Code   RO         1926    i.ADC_GetFlagStatus  stm32f0xx_adc.o
    0x08000334   0x00000014   Code   RO         1928    i.ADC_ITConfig      stm32f0xx_adc.o
    0x08000348   0x0000002c   Code   RO         1929    i.ADC_Init          stm32f0xx_adc.o
    0x08000374   0x0000000a   Code   RO         1932    i.ADC_StartOfConversion  stm32f0xx_adc.o
    0x0800037e   0x0000000a   Code   RO         1933    i.ADC_StopOfConversion  stm32f0xx_adc.o
    0x08000388   0x00000010   Code   RO         1934    i.ADC_StructInit    stm32f0xx_adc.o
    0x08000398   0x00000050   Code   RO          174    i.EXTI4_15_IRQHandler  stm32f0xx_it.o
    0x080003e8   0x0000000c   Code   RO         1466    i.EXTI_ClearITPendingBit  stm32f0xx_exti.o
    0x080003f4   0x0000002a   Code   RO           12    i.EXTI_Config       main.o
    0x0800041e   0x00000002   PAD
    0x08000420   0x0000001c   Code   RO         1470    i.EXTI_GetITStatus  stm32f0xx_exti.o
    0x0800043c   0x00000088   Code   RO         1471    i.EXTI_Init         stm32f0xx_exti.o
    0x080004c4   0x00000090   Code   RO          512    i.GPIO_Init         stm32f0xx_gpio.o
    0x08000554   0x00000044   Code   RO          513    i.GPIO_PinAFConfig  stm32f0xx_gpio.o
    0x08000598   0x00000014   Code   RO          516    i.GPIO_ReadInputDataBit  stm32f0xx_gpio.o
    0x080005ac   0x00000004   Code   RO          519    i.GPIO_ResetBits    stm32f0xx_gpio.o
    0x080005b0   0x00000004   Code   RO          520    i.GPIO_SetBits      stm32f0xx_gpio.o
    0x080005b4   0x0000000c   Code   RO          523    i.GPIO_WriteBit     stm32f0xx_gpio.o
    0x080005c0   0x00000004   Code   RO          175    i.HardFault_Handler  stm32f0xx_it.o
    0x080005c4   0x00000032   Code   RO          301    i.InitGPIOA2        gpio.o
    0x080005f6   0x00000038   Code   RO          302    i.InitGPIOA6        gpio.o
    0x0800062e   0x00000002   PAD
    0x08000630   0x0000002c   Code   RO          303    i.InitGPIOB0        gpio.o
    0x0800065c   0x00000034   Code   RO          304    i.InitGPIOB4        gpio.o
    0x08000690   0x00000028   Code   RO          305    i.InitGPIOB5        gpio.o
    0x080006b8   0x0000002c   Code   RO          306    i.InitGPIOB7        gpio.o
    0x080006e4   0x0000003c   Code   RO          307    i.InitGPIO_Uart     gpio.o
    0x08000720   0x00000020   Code   RO          308    i.InitGPIOs         gpio.o
    0x08000740   0x00000050   Code   RO           13    i.InitNVIC          main.o
    0x08000790   0x000000ec   Code   RO           14    i.InitRCC           main.o
    0x0800087c   0x00000048   Code   RO          363    i.InitTIM14         timer.o
    0x080008c4   0x0000008c   Code   RO          364    i.InitTIM3          timer.o
    0x08000950   0x00000018   Code   RO          365    i.InitTIMs          timer.o
    0x08000968   0x00000050   Code   RO          395    i.InitUart1         uart.o
    0x080009b8   0x00000002   Code   RO          177    i.NMI_Handler       stm32f0xx_it.o
    0x080009ba   0x00000002   PAD
    0x080009bc   0x00000070   Code   RO         1433    i.NVIC_Init         stm32f0xx_misc.o
    0x08000a2c   0x00000078   Code   RO           15    i.NVIC_SetPriority  main.o
    0x08000aa4   0x00000002   Code   RO          178    i.PendSV_Handler    stm32f0xx_it.o
    0x08000aa6   0x00000002   PAD
    0x08000aa8   0x00000038   Code   RO          603    i.RCC_ADCCLKConfig  stm32f0xx_rcc.o
    0x08000ae0   0x00000020   Code   RO          604    i.RCC_AHBPeriphClockCmd  stm32f0xx_rcc.o
    0x08000b00   0x00000020   Code   RO          606    i.RCC_APB1PeriphClockCmd  stm32f0xx_rcc.o
    0x08000b20   0x00000020   Code   RO          608    i.RCC_APB2PeriphClockCmd  stm32f0xx_rcc.o
    0x08000b40   0x00000020   Code   RO          609    i.RCC_APB2PeriphResetCmd  stm32f0xx_rcc.o
    0x08000b60   0x00000248   Code   RO          618    i.RCC_GetClocksFreq  stm32f0xx_rcc.o
    0x08000da8   0x0000002c   Code   RO          179    i.RCC_IRQHandler    stm32f0xx_it.o
    0x08000dd4   0x00000002   Code   RO          180    i.SVC_Handler       stm32f0xx_it.o
    0x08000dd6   0x00000002   PAD
    0x08000dd8   0x00000040   Code   RO         1531    i.SYSCFG_EXTILineConfig  stm32f0xx_syscfg.o
    0x08000e18   0x000000d8   Code   RO          453    i.SetSysClock       system_stm32f0xx.o
    0x08000ef0   0x00000002   Code   RO          181    i.SysTick_Handler   stm32f0xx_it.o
    0x08000ef2   0x00000002   PAD
    0x08000ef4   0x0000007c   Code   RO          455    i.SystemInit        system_stm32f0xx.o
    0x08000f70   0x000000a8   Code   RO          182    i.TIM14_IRQHandler  stm32f0xx_it.o
    0x08001018   0x00000002   Code   RO          183    i.TIM3_IRQHandler   stm32f0xx_it.o
    0x0800101a   0x00000006   Code   RO          876    i.TIM_ClearITPendingBit  stm32f0xx_tim.o
    0x08001020   0x0000001c   Code   RO          881    i.TIM_Cmd           stm32f0xx_tim.o
    0x0800103c   0x00000022   Code   RO          883    i.TIM_CtrlPWMOutputs  stm32f0xx_tim.o
    0x0800105e   0x00000014   Code   RO          906    i.TIM_ITConfig      stm32f0xx_tim.o
    0x08001072   0x00000002   PAD
    0x08001074   0x00000094   Code   RO          910    i.TIM_OC1Init       stm32f0xx_tim.o
    0x08001108   0x00000018   Code   RO          913    i.TIM_OC1PreloadConfig  stm32f0xx_tim.o
    0x08001120   0x0000007c   Code   RO          954    i.TIM_TimeBaseInit  stm32f0xx_tim.o
    0x0800119c   0x00000040   Code   RO          184    i.USART1_IRQHandler  stm32f0xx_it.o
    0x080011dc   0x00000004   Code   RO         1604    i.USART_ClearFlag   stm32f0xx_usart.o
    0x080011e0   0x00000012   Code   RO         1605    i.USART_ClearITPendingBit  stm32f0xx_usart.o
    0x080011f2   0x00000018   Code   RO         1608    i.USART_Cmd         stm32f0xx_usart.o
    0x0800120a   0x00000014   Code   RO         1616    i.USART_GetFlagStatus  stm32f0xx_usart.o
    0x0800121e   0x0000004e   Code   RO         1617    i.USART_GetITStatus  stm32f0xx_usart.o
    0x0800126c   0x00000042   Code   RO         1619    i.USART_ITConfig    stm32f0xx_usart.o
    0x080012ae   0x00000002   PAD
    0x080012b0   0x000000f8   Code   RO         1620    i.USART_Init        stm32f0xx_usart.o
    0x080013a8   0x0000000a   Code   RO         1632    i.USART_ReceiveData  stm32f0xx_usart.o
    0x080013b2   0x00000008   Code   RO         1637    i.USART_SendData    stm32f0xx_usart.o
    0x080013ba   0x0000000e   Code   RO         2126    i.__scatterload_copy  mc_p.l(handlers.o)
    0x080013c8   0x00000002   Code   RO         2127    i.__scatterload_null  mc_p.l(handlers.o)
    0x080013ca   0x0000000e   Code   RO         2128    i.__scatterload_zeroinit  mc_p.l(handlers.o)
    0x080013d8   0x00000010   Code   RO          186    i.delay_5ms         stm32f0xx_it.o
    0x080013e8   0x000004fc   Code   RO           17    i.main              main.o
    0x080018e4   0x00000020   Data   RO         2124    Region$$Table       anon$$obj.o


    Execution Region RW_IRAM1 (Base: 0x20000000, Size: 0x00000c48, Max: 0x00001000, ABSOLUTE)

    Base Addr    Size         Type   Attr      Idx    E Section Name        Object

    0x20000000   0x00000018   Data   RW           18    .data               main.o
    0x20000018   0x0000000c   Data   RW          188    .data               stm32f0xx_it.o
    0x20000024   0x00000014   Data   RW          456    .data               system_stm32f0xx.o
    0x20000038   0x00000010   Data   RW          644    .data               stm32f0xx_rcc.o
    0x20000048   0x00000800   Zero   RW          187    .bss                stm32f0xx_it.o
    0x20000848   0x00000400   Zero   RW            1    STACK               startup_stm32f030.o


==============================================================================

Image component sizes


      Code (inc. data)   RO Data    RW Data    ZI Data      Debug   Object Name

       148          8          0          0          0        553   adc.o
       378         20          0          0          0       3514   gpio.o
      1754         76          0         24          0     230081   main.o
        88         38        180          0       1024        624   startup_stm32f030.o
       288          8          0          0          0       5500   stm32f0xx_adc.o
       176         16          0          0          0       1804   stm32f0xx_exti.o
       252          0          0          0          0       3579   stm32f0xx_gpio.o
       462         72          0         12       2048       5576   stm32f0xx_it.o
       112          6          0          0          0        784   stm32f0xx_misc.o
       768         50          0         16          0       4214   stm32f0xx_rcc.o
        64          4          0          0          0        568   stm32f0xx_syscfg.o
       384         68          0          0          0       4206   stm32f0xx_tim.o
       476         22          0          0          0       5841   stm32f0xx_usart.o
       340         24          0         20          0       1553   system_stm32f0xx.o
       236         20          0          0          0       1494   timer.o
        80         10          0          0          0        488   uart.o

    ----------------------------------------------------------------------
      6022        442        212         72       3072     270379   Object Totals
         0          0         32          0          0          0   (incl. Generated)
        16          0          0          0          0          0   (incl. Padding)

    ----------------------------------------------------------------------

      Code (inc. data)   RO Data    RW Data    ZI Data      Debug   Library Member Name

         0          0          0          0          0          0   entry.o
         0          0          0          0          0          0   entry10a.o
         0          0          0          0          0          0   entry11a.o
         8          4          0          0          0          0   entry2.o
         4          0          0          0          0          0   entry5.o
         0          0          0          0          0          0   entry7b.o
         0          0          0          0          0          0   entry8b.o
         8          4          0          0          0          0   entry9a.o
        30          0          0          0          0          0   handlers.o
        40          0          0          0          0         72   idiv.o
        36          8          0          0          0         68   init.o
        44          0          0          0          0         72   uidiv.o

    ----------------------------------------------------------------------
       170         16          0          0          0        212   Library Totals
         0          0          0          0          0          0   (incl. Padding)

    ----------------------------------------------------------------------

      Code (inc. data)   RO Data    RW Data    ZI Data      Debug   Library Name

       170         16          0          0          0        212   mc_p.l

    ----------------------------------------------------------------------
       170         16          0          0          0        212   Library Totals

    ----------------------------------------------------------------------

==============================================================================


      Code (inc. data)   RO Data    RW Data    ZI Data      Debug   

      6192        458        212         72       3072     267575   Grand Totals
      6192        458        212         72       3072     267575   ELF Image Totals
      6192        458        212         72          0          0   ROM Totals

==============================================================================

    Total RO  Size (Code + RO Data)                 6404 (   6.25kB)
    Total RW  Size (RW Data + ZI Data)              3144 (   3.07kB)
    Total ROM Size (Code + RO Data + RW Data)       6476 (   6.32kB)

==============================================================================

